[2025-05-24 22:08:23] Invalid request method: POST
[2025-05-24 22:08:49] Invalid request method: POST
[2025-05-24 22:10:05] Invalid request method: POST
[2025-05-24 22:10:13] Invalid request method: POST
[2025-05-24 22:10:17] Invalid request method: POST
